// Jest Snapshot v1, https://goo.gl/fbAQLP

exports[`Pruebas de Journal Screen debe de mostrarse correctamente 1`] = `
<div
  className="journal__entry"
  onClick={[Function]}
>
  <div
    className="journal__entry-picture"
    style={
      Object {
        "backgroundImage": "url(https://hola.min/hola.jpg)",
        "backgroundSize": "cover",
      }
    }
  />
  <div
    className="journal__entry-body"
  >
    <p
      className="journal__entry-title"
    >
      un titulo
    </p>
    <p
      className="journal__entry-content"
    >
      un body
    </p>
  </div>
  <div
    className="journal__entry-date-box"
  >
    <span>
      Wednesday
    </span>
    <h4>
      31
    </h4>
  </div>
</div>
`;
